\BOOKMARK [0][-]{chapter.1}{\376\377\0001\000\040\004\020\004\073\004\104\004\060\004\062\004\070\004\102\004\075\004\113\004\071\000\040\004\103\004\072\004\060\004\067\004\060\004\102\004\065\004\073\004\114\000\040\004\077\004\100\004\076\004\101\004\102\004\100\004\060\004\075\004\101\004\102\004\062\000\040\004\070\004\074\004\065\004\075}{}% 1
\BOOKMARK [1][-]{section.1.1}{\376\377\0001\000.\0001\000\040\004\037\004\100\004\076\004\101\004\102\004\100\004\060\004\075\004\101\004\102\004\062\004\060\000\040\004\070\004\074\004\065\004\075}{chapter.1}% 2
\BOOKMARK [0][-]{chapter.2}{\376\377\0002\000\040\004\020\004\073\004\104\004\060\004\062\004\070\004\102\004\075\004\113\004\071\000\040\004\103\004\072\004\060\004\067\004\060\004\102\004\065\004\073\004\114\000\040\004\072\004\073\004\060\004\101\004\101\004\076\004\062}{}% 3
\BOOKMARK [1][-]{section.2.1}{\376\377\0002\000.\0001\000\040\004\032\004\073\004\060\004\101\004\101\004\113}{chapter.2}% 4
\BOOKMARK [0][-]{chapter.3}{\376\377\0003\000\040\004\041\004\077\004\070\004\101\004\076\004\072\000\040\004\104\004\060\004\071\004\073\004\076\004\062}{}% 5
\BOOKMARK [1][-]{section.3.1}{\376\377\0003\000.\0001\000\040\004\044\004\060\004\071\004\073\004\113}{chapter.3}% 6
\BOOKMARK [0][-]{chapter.4}{\376\377\0004\000\040\004\037\004\100\004\076\004\101\004\102\004\100\004\060\004\075\004\101\004\102\004\062\004\060\000\040\004\070\004\074\004\065\004\075}{}% 7
\BOOKMARK [1][-]{section.4.1}{\376\377\0004\000.\0001\000\040\004\037\004\100\004\076\004\101\004\102\004\100\004\060\004\075\004\101\004\102\004\062\004\076\000\040\004\070\004\074\004\065\004\075\000\040\000C\000o\000n\000f\000i\000g}{chapter.4}% 8
\BOOKMARK [2][-]{subsection.4.1.1}{\376\377\0004\000.\0001\000.\0001\000\040\004\037\004\065\004\100\004\065\004\074\004\065\004\075\004\075\004\113\004\065}{section.4.1}% 9
\BOOKMARK [3][-]{subsubsection.4.1.1.1}{\376\377\0004\000.\0001\000.\0001\000.\0001\000\040\000B\000U\000F\000F\000E\000R\000\137\000S\000I\000Z\000E}{subsection.4.1.1}% 10
\BOOKMARK [3][-]{subsubsection.4.1.1.2}{\376\377\0004\000.\0001\000.\0001\000.\0002\000\040\000D\000E\000F\000A\000U\000L\000T\000\137\000C\000L\000I\000E\000N\000T\000\137\000D\000B}{subsection.4.1.1}% 11
\BOOKMARK [3][-]{subsubsection.4.1.1.3}{\376\377\0004\000.\0001\000.\0001\000.\0003\000\040\000D\000E\000F\000A\000U\000L\000T\000\137\000L\000O\000G\000\137\000F\000I\000L\000E}{subsection.4.1.1}% 12
\BOOKMARK [3][-]{subsubsection.4.1.1.4}{\376\377\0004\000.\0001\000.\0001\000.\0004\000\040\000D\000E\000F\000A\000U\000L\000T\000\137\000P\000O\000R\000T}{subsection.4.1.1}% 13
\BOOKMARK [3][-]{subsubsection.4.1.1.5}{\376\377\0004\000.\0001\000.\0001\000.\0005\000\040\000E\000R\000R\000\137\000M\000S\000G}{subsection.4.1.1}% 14
\BOOKMARK [3][-]{subsubsection.4.1.1.6}{\376\377\0004\000.\0001\000.\0001\000.\0006\000\040\000M\000A\000X\000\137\000L\000O\000G\000I\000N\000\137\000L\000E\000N\000G\000T\000H}{subsection.4.1.1}% 15
\BOOKMARK [3][-]{subsubsection.4.1.1.7}{\376\377\0004\000.\0001\000.\0001\000.\0007\000\040\000M\000A\000X\000\137\000P\000A\000S\000S\000W\000O\000R\000D\000\137\000L\000E\000N\000G\000T\000H}{subsection.4.1.1}% 16
\BOOKMARK [3][-]{subsubsection.4.1.1.8}{\376\377\0004\000.\0001\000.\0001\000.\0008\000\040\000O\000K\000\137\000M\000S\000G}{subsection.4.1.1}% 17
\BOOKMARK [3][-]{subsubsection.4.1.1.9}{\376\377\0004\000.\0001\000.\0001\000.\0009\000\040\000S\000A\000L\000T\000\137\000B\000I\000T\000S}{subsection.4.1.1}% 18
\BOOKMARK [3][-]{subsubsection.4.1.1.10}{\376\377\0004\000.\0001\000.\0001\000.\0001\0000\000\040\000S\000A\000L\000T\000\137\000H\000E\000X\000\137\000L\000E\000N\000G\000T\000H}{subsection.4.1.1}% 19
\BOOKMARK [0][-]{chapter.5}{\376\377\0005\000\040\004\032\004\073\004\060\004\101\004\101\004\113}{}% 20
\BOOKMARK [1][-]{section.5.1}{\376\377\0005\000.\0001\000\040\004\032\004\073\004\060\004\101\004\101\000\040\000C\000l\000i\000e\000n\000t\000D\000B}{chapter.5}% 21
\BOOKMARK [2][-]{subsection.5.1.1}{\376\377\0005\000.\0001\000.\0001\000\040\004\037\004\076\004\064\004\100\004\076\004\061\004\075\004\076\004\065\000\040\004\076\004\077\004\070\004\101\004\060\004\075\004\070\004\065}{section.5.1}% 22
\BOOKMARK [2][-]{subsection.5.1.2}{\376\377\0005\000.\0001\000.\0002\000\040\004\032\004\076\004\075\004\101\004\102\004\100\004\103\004\072\004\102\004\076\004\100\000\050\004\113\000\051}{section.5.1}% 23
\BOOKMARK [3][-]{subsubsection.5.1.2.1}{\376\377\0005\000.\0001\000.\0002\000.\0001\000\040\000C\000l\000i\000e\000n\000t\000D\000B\000\050\000\051}{subsection.5.1.2}% 24
\BOOKMARK [2][-]{subsection.5.1.3}{\376\377\0005\000.\0001\000.\0003\000\040\004\034\004\065\004\102\004\076\004\064\004\113}{section.5.1}% 25
\BOOKMARK [3][-]{subsubsection.5.1.3.1}{\376\377\0005\000.\0001\000.\0003\000.\0001\000\040\000a\000d\000d\000C\000l\000i\000e\000n\000t\000\050\000\051}{subsection.5.1.3}% 26
\BOOKMARK [3][-]{subsubsection.5.1.3.2}{\376\377\0005\000.\0001\000.\0003\000.\0002\000\040\000c\000l\000i\000e\000n\000t\000E\000x\000i\000s\000t\000s\000\050\000\051}{subsection.5.1.3}% 27
\BOOKMARK [3][-]{subsubsection.5.1.3.3}{\376\377\0005\000.\0001\000.\0003\000.\0003\000\040\000g\000e\000n\000e\000r\000a\000t\000e\000H\000a\000s\000h\000\050\000\051}{subsection.5.1.3}% 28
\BOOKMARK [3][-]{subsubsection.5.1.3.4}{\376\377\0005\000.\0001\000.\0003\000.\0004\000\040\000g\000e\000n\000e\000r\000a\000t\000e\000S\000a\000l\000t\000\050\000\051}{subsection.5.1.3}% 29
\BOOKMARK [3][-]{subsubsection.5.1.3.5}{\376\377\0005\000.\0001\000.\0003\000.\0005\000\040\000l\000o\000a\000d\000F\000r\000o\000m\000F\000i\000l\000e\000\050\000\051}{subsection.5.1.3}% 30
\BOOKMARK [3][-]{subsubsection.5.1.3.6}{\376\377\0005\000.\0001\000.\0003\000.\0006\000\040\000r\000e\000m\000o\000v\000e\000C\000l\000i\000e\000n\000t\000\050\000\051}{subsection.5.1.3}% 31
\BOOKMARK [3][-]{subsubsection.5.1.3.7}{\376\377\0005\000.\0001\000.\0003\000.\0007\000\040\000s\000a\000v\000e\000T\000o\000F\000i\000l\000e\000\050\000\051}{subsection.5.1.3}% 32
\BOOKMARK [3][-]{subsubsection.5.1.3.8}{\376\377\0005\000.\0001\000.\0003\000.\0008\000\040\000v\000e\000r\000i\000f\000y\000P\000a\000s\000s\000w\000o\000r\000d\000\050\000\051}{subsection.5.1.3}% 33
\BOOKMARK [2][-]{subsection.5.1.4}{\376\377\0005\000.\0001\000.\0004\000\040\004\024\004\060\004\075\004\075\004\113\004\065\000\040\004\072\004\073\004\060\004\101\004\101\004\060}{section.5.1}% 34
\BOOKMARK [3][-]{subsubsection.5.1.4.1}{\376\377\0005\000.\0001\000.\0004\000.\0001\000\040\000c\000l\000i\000e\000n\000t\000s}{subsection.5.1.4}% 35
\BOOKMARK [3][-]{subsubsection.5.1.4.2}{\376\377\0005\000.\0001\000.\0004\000.\0002\000\040\000d\000b\000M\000u\000t\000e\000x}{subsection.5.1.4}% 36
\BOOKMARK [3][-]{subsubsection.5.1.4.3}{\376\377\0005\000.\0001\000.\0004\000.\0003\000\040\000f\000i\000l\000e\000n\000a\000m\000e}{subsection.5.1.4}% 37
\BOOKMARK [1][-]{section.5.2}{\376\377\0005\000.\0002\000\040\004\032\004\073\004\060\004\101\004\101\000\040\000L\000o\000g\000g\000e\000r}{chapter.5}% 38
\BOOKMARK [2][-]{subsection.5.2.1}{\376\377\0005\000.\0002\000.\0001\000\040\004\037\004\076\004\064\004\100\004\076\004\061\004\075\004\076\004\065\000\040\004\076\004\077\004\070\004\101\004\060\004\075\004\070\004\065}{section.5.2}% 39
\BOOKMARK [2][-]{subsection.5.2.2}{\376\377\0005\000.\0002\000.\0002\000\040\004\032\004\076\004\075\004\101\004\102\004\100\004\103\004\072\004\102\004\076\004\100\000\050\004\113\000\051}{section.5.2}% 40
\BOOKMARK [3][-]{subsubsection.5.2.2.1}{\376\377\0005\000.\0002\000.\0002\000.\0001\000\040\000L\000o\000g\000g\000e\000r\000\050\000\051\000\040\000[\0001\000/\0002\000]}{subsection.5.2.2}% 41
\BOOKMARK [3][-]{subsubsection.5.2.2.2}{\376\377\0005\000.\0002\000.\0002\000.\0002\000\040\000\040\000L\000o\000g\000g\000e\000r\000\050\000\051}{subsection.5.2.2}% 42
\BOOKMARK [3][-]{subsubsection.5.2.2.3}{\376\377\0005\000.\0002\000.\0002\000.\0003\000\040\000L\000o\000g\000g\000e\000r\000\050\000\051\000\040\000[\0002\000/\0002\000]}{subsection.5.2.2}% 43
\BOOKMARK [2][-]{subsection.5.2.3}{\376\377\0005\000.\0002\000.\0003\000\040\004\034\004\065\004\102\004\076\004\064\004\113}{section.5.2}% 44
\BOOKMARK [3][-]{subsubsection.5.2.3.1}{\376\377\0005\000.\0002\000.\0003\000.\0001\000\040\000g\000e\000t\000C\000u\000r\000r\000e\000n\000t\000T\000i\000m\000e\000\050\000\051}{subsection.5.2.3}% 45
\BOOKMARK [3][-]{subsubsection.5.2.3.2}{\376\377\0005\000.\0002\000.\0003\000.\0002\000\040\000i\000n\000i\000t\000i\000a\000l\000i\000z\000e\000\050\000\051}{subsection.5.2.3}% 46
\BOOKMARK [3][-]{subsubsection.5.2.3.3}{\376\377\0005\000.\0002\000.\0003\000.\0003\000\040\000l\000e\000v\000e\000l\000T\000o\000S\000t\000r\000i\000n\000g\000\050\000\051}{subsection.5.2.3}% 47
\BOOKMARK [3][-]{subsubsection.5.2.3.4}{\376\377\0005\000.\0002\000.\0003\000.\0004\000\040\000l\000o\000g\000\050\000\051}{subsection.5.2.3}% 48
\BOOKMARK [3][-]{subsubsection.5.2.3.5}{\376\377\0005\000.\0002\000.\0003\000.\0005\000\040\000l\000o\000g\000E\000r\000r\000o\000r\000\050\000\051}{subsection.5.2.3}% 49
\BOOKMARK [3][-]{subsubsection.5.2.3.6}{\376\377\0005\000.\0002\000.\0003\000.\0006\000\040\000o\000p\000e\000r\000a\000t\000o\000r\000=\000\050\000\051}{subsection.5.2.3}% 50
\BOOKMARK [2][-]{subsection.5.2.4}{\376\377\0005\000.\0002\000.\0004\000\040\004\024\004\060\004\075\004\075\004\113\004\065\000\040\004\072\004\073\004\060\004\101\004\101\004\060}{section.5.2}% 51
\BOOKMARK [3][-]{subsubsection.5.2.4.1}{\376\377\0005\000.\0002\000.\0004\000.\0001\000\040\000f\000i\000l\000e\000n\000a\000m\000e}{subsection.5.2.4}% 52
\BOOKMARK [3][-]{subsubsection.5.2.4.2}{\376\377\0005\000.\0002\000.\0004\000.\0002\000\040\000l\000o\000g\000F\000i\000l\000e}{subsection.5.2.4}% 53
\BOOKMARK [3][-]{subsubsection.5.2.4.3}{\376\377\0005\000.\0002\000.\0004\000.\0003\000\040\000l\000o\000g\000M\000u\000t\000e\000x}{subsection.5.2.4}% 54
\BOOKMARK [1][-]{section.5.3}{\376\377\0005\000.\0003\000\040\004\032\004\073\004\060\004\101\004\101\000\040\000P\000r\000o\000t\000o\000c\000o\000l}{chapter.5}% 55
\BOOKMARK [2][-]{subsection.5.3.1}{\376\377\0005\000.\0003\000.\0001\000\040\004\037\004\076\004\064\004\100\004\076\004\061\004\075\004\076\004\065\000\040\004\076\004\077\004\070\004\101\004\060\004\075\004\070\004\065}{section.5.3}% 56
\BOOKMARK [2][-]{subsection.5.3.2}{\376\377\0005\000.\0003\000.\0002\000\040\004\034\004\065\004\102\004\076\004\064\004\113}{section.5.3}% 57
\BOOKMARK [3][-]{subsubsection.5.3.2.1}{\376\377\0005\000.\0003\000.\0002\000.\0001\000\040\000b\000i\000n\000a\000r\000y\000T\000o\000H\000e\000x\000\050\000\051}{subsection.5.3.2}% 58
\BOOKMARK [3][-]{subsubsection.5.3.2.2}{\376\377\0005\000.\0003\000.\0002\000.\0002\000\040\000h\000e\000x\000T\000o\000B\000i\000n\000a\000r\000y\000\050\000\051}{subsection.5.3.2}% 59
\BOOKMARK [3][-]{subsubsection.5.3.2.3}{\376\377\0005\000.\0003\000.\0002\000.\0003\000\040\000r\000e\000c\000e\000i\000v\000e\000H\000a\000s\000h\000\050\000\051}{subsection.5.3.2}% 60
\BOOKMARK [3][-]{subsubsection.5.3.2.4}{\376\377\0005\000.\0003\000.\0002\000.\0004\000\040\000r\000e\000c\000e\000i\000v\000e\000L\000o\000g\000i\000n\000\050\000\051}{subsection.5.3.2}% 61
\BOOKMARK [3][-]{subsubsection.5.3.2.5}{\376\377\0005\000.\0003\000.\0002\000.\0005\000\040\000r\000e\000c\000e\000i\000v\000e\000V\000e\000c\000t\000o\000r\000D\000a\000t\000a\000\050\000\051}{subsection.5.3.2}% 62
\BOOKMARK [3][-]{subsubsection.5.3.2.6}{\376\377\0005\000.\0003\000.\0002\000.\0006\000\040\000r\000e\000c\000v\000A\000l\000l\000\050\000\051}{subsection.5.3.2}% 63
\BOOKMARK [3][-]{subsubsection.5.3.2.7}{\376\377\0005\000.\0003\000.\0002\000.\0007\000\040\000s\000e\000n\000d\000A\000l\000l\000\050\000\051}{subsection.5.3.2}% 64
\BOOKMARK [3][-]{subsubsection.5.3.2.8}{\376\377\0005\000.\0003\000.\0002\000.\0008\000\040\000s\000e\000n\000d\000E\000r\000r\000o\000r\000\050\000\051}{subsection.5.3.2}% 65
\BOOKMARK [3][-]{subsubsection.5.3.2.9}{\376\377\0005\000.\0003\000.\0002\000.\0009\000\040\000s\000e\000n\000d\000O\000k\000\050\000\051}{subsection.5.3.2}% 66
\BOOKMARK [3][-]{subsubsection.5.3.2.10}{\376\377\0005\000.\0003\000.\0002\000.\0001\0000\000\040\000s\000e\000n\000d\000S\000a\000l\000t\000\050\000\051}{subsection.5.3.2}% 67
\BOOKMARK [3][-]{subsubsection.5.3.2.11}{\376\377\0005\000.\0003\000.\0002\000.\0001\0001\000\040\000s\000e\000n\000d\000V\000e\000c\000t\000o\000r\000R\000e\000s\000u\000l\000t\000s\000\050\000\051}{subsection.5.3.2}% 68
\BOOKMARK [2][-]{subsection.5.3.3}{\376\377\0005\000.\0003\000.\0003\000\040\004\024\004\060\004\075\004\075\004\113\004\065\000\040\004\072\004\073\004\060\004\101\004\101\004\060}{section.5.3}% 69
\BOOKMARK [3][-]{subsubsection.5.3.3.1}{\376\377\0005\000.\0003\000.\0003\000.\0001\000\040\000S\000E\000N\000D\000\137\000R\000E\000C\000V\000\137\000T\000I\000M\000E\000O\000U\000T}{subsection.5.3.3}% 70
\BOOKMARK [1][-]{section.5.4}{\376\377\0005\000.\0004\000\040\004\032\004\073\004\060\004\101\004\101\000\040\000S\000e\000r\000v\000e\000r}{chapter.5}% 71
\BOOKMARK [2][-]{subsection.5.4.1}{\376\377\0005\000.\0004\000.\0001\000\040\004\037\004\076\004\064\004\100\004\076\004\061\004\075\004\076\004\065\000\040\004\076\004\077\004\070\004\101\004\060\004\075\004\070\004\065}{section.5.4}% 72
\BOOKMARK [2][-]{subsection.5.4.2}{\376\377\0005\000.\0004\000.\0002\000\040\004\032\004\076\004\075\004\101\004\102\004\100\004\103\004\072\004\102\004\076\004\100\000\050\004\113\000\051}{section.5.4}% 73
\BOOKMARK [3][-]{subsubsection.5.4.2.1}{\376\377\0005\000.\0004\000.\0002\000.\0001\000\040\000S\000e\000r\000v\000e\000r\000\050\000\051}{subsection.5.4.2}% 74
\BOOKMARK [3][-]{subsubsection.5.4.2.2}{\376\377\0005\000.\0004\000.\0002\000.\0002\000\040\000\040\000S\000e\000r\000v\000e\000r\000\050\000\051}{subsection.5.4.2}% 75
\BOOKMARK [2][-]{subsection.5.4.3}{\376\377\0005\000.\0004\000.\0003\000\040\004\034\004\065\004\102\004\076\004\064\004\113}{section.5.4}% 76
\BOOKMARK [3][-]{subsubsection.5.4.3.1}{\376\377\0005\000.\0004\000.\0003\000.\0001\000\040\000a\000u\000t\000h\000e\000n\000t\000i\000c\000a\000t\000e\000C\000l\000i\000e\000n\000t\000\050\000\051}{subsection.5.4.3}% 77
\BOOKMARK [3][-]{subsubsection.5.4.3.2}{\376\377\0005\000.\0004\000.\0003\000.\0002\000\040\000c\000l\000e\000a\000n\000u\000p\000\050\000\051}{subsection.5.4.3}% 78
\BOOKMARK [3][-]{subsubsection.5.4.3.3}{\376\377\0005\000.\0004\000.\0003\000.\0003\000\040\000c\000l\000i\000e\000n\000t\000S\000e\000s\000s\000i\000o\000n\000\050\000\051}{subsection.5.4.3}% 79
\BOOKMARK [3][-]{subsubsection.5.4.3.4}{\376\377\0005\000.\0004\000.\0003\000.\0004\000\040\000g\000e\000t\000C\000o\000n\000n\000e\000c\000t\000e\000d\000C\000l\000i\000e\000n\000t\000s\000\050\000\051}{subsection.5.4.3}% 80
\BOOKMARK [3][-]{subsubsection.5.4.3.5}{\376\377\0005\000.\0004\000.\0003\000.\0005\000\040\000h\000a\000n\000d\000l\000e\000C\000l\000i\000e\000n\000t\000\050\000\051}{subsection.5.4.3}% 81
\BOOKMARK [3][-]{subsubsection.5.4.3.6}{\376\377\0005\000.\0004\000.\0003\000.\0006\000\040\000i\000n\000i\000t\000i\000a\000l\000i\000z\000e\000\050\000\051}{subsection.5.4.3}% 82
\BOOKMARK [3][-]{subsubsection.5.4.3.7}{\376\377\0005\000.\0004\000.\0003\000.\0007\000\040\000i\000n\000i\000t\000i\000a\000l\000i\000z\000e\000S\000o\000c\000k\000e\000t\000\050\000\051}{subsection.5.4.3}% 83
\BOOKMARK [3][-]{subsubsection.5.4.3.8}{\376\377\0005\000.\0004\000.\0003\000.\0008\000\040\000s\000t\000a\000r\000t\000\050\000\051}{subsection.5.4.3}% 84
\BOOKMARK [3][-]{subsubsection.5.4.3.9}{\376\377\0005\000.\0004\000.\0003\000.\0009\000\040\000s\000t\000o\000p\000\050\000\051}{subsection.5.4.3}% 85
\BOOKMARK [3][-]{subsubsection.5.4.3.10}{\376\377\0005\000.\0004\000.\0003\000.\0001\0000\000\040\000w\000a\000i\000t\000F\000o\000r\000S\000t\000o\000p\000\050\000\051}{subsection.5.4.3}% 86
\BOOKMARK [2][-]{subsection.5.4.4}{\376\377\0005\000.\0004\000.\0004\000\040\004\024\004\060\004\075\004\075\004\113\004\065\000\040\004\072\004\073\004\060\004\101\004\101\004\060}{section.5.4}% 87
\BOOKMARK [3][-]{subsubsection.5.4.4.1}{\376\377\0005\000.\0004\000.\0004\000.\0001\000\040\000c\000l\000i\000e\000n\000t\000D\000B}{subsection.5.4.4}% 88
\BOOKMARK [3][-]{subsubsection.5.4.4.2}{\376\377\0005\000.\0004\000.\0004\000.\0002\000\040\000c\000l\000i\000e\000n\000t\000T\000h\000r\000e\000a\000d\000s}{subsection.5.4.4}% 89
\BOOKMARK [3][-]{subsubsection.5.4.4.3}{\376\377\0005\000.\0004\000.\0004\000.\0003\000\040\000l\000o\000g\000g\000e\000r}{subsection.5.4.4}% 90
\BOOKMARK [3][-]{subsubsection.5.4.4.4}{\376\377\0005\000.\0004\000.\0004\000.\0004\000\040\000p\000o\000r\000t}{subsection.5.4.4}% 91
\BOOKMARK [3][-]{subsubsection.5.4.4.5}{\376\377\0005\000.\0004\000.\0004\000.\0005\000\040\000r\000u\000n\000n\000i\000n\000g}{subsection.5.4.4}% 92
\BOOKMARK [3][-]{subsubsection.5.4.4.6}{\376\377\0005\000.\0004\000.\0004\000.\0006\000\040\000s\000e\000r\000v\000e\000r\000S\000o\000c\000k\000e\000t}{subsection.5.4.4}% 93
\BOOKMARK [1][-]{section.5.5}{\376\377\0005\000.\0005\000\040\004\032\004\073\004\060\004\101\004\101\000\040\000V\000e\000c\000t\000o\000r\000P\000r\000o\000c\000e\000s\000s\000o\000r}{chapter.5}% 94
\BOOKMARK [2][-]{subsection.5.5.1}{\376\377\0005\000.\0005\000.\0001\000\040\004\037\004\076\004\064\004\100\004\076\004\061\004\075\004\076\004\065\000\040\004\076\004\077\004\070\004\101\004\060\004\075\004\070\004\065}{section.5.5}% 95
\BOOKMARK [2][-]{subsection.5.5.2}{\376\377\0005\000.\0005\000.\0002\000\040\004\034\004\065\004\102\004\076\004\064\004\113}{section.5.5}% 96
\BOOKMARK [3][-]{subsubsection.5.5.2.1}{\376\377\0005\000.\0005\000.\0002\000.\0001\000\040\000c\000a\000l\000c\000u\000l\000a\000t\000e\000V\000e\000c\000t\000o\000r\000S\000u\000m\000\050\000\051}{subsection.5.5.2}% 97
\BOOKMARK [3][-]{subsubsection.5.5.2.2}{\376\377\0005\000.\0005\000.\0002\000.\0002\000\040\000p\000r\000o\000c\000e\000s\000s\000V\000e\000c\000t\000o\000r\000s\000\050\000\051}{subsection.5.5.2}% 98
\BOOKMARK [3][-]{subsubsection.5.5.2.3}{\376\377\0005\000.\0005\000.\0002\000.\0003\000\040\000r\000e\000a\000d\000D\000o\000u\000b\000l\000e\000\050\000\051}{subsection.5.5.2}% 99
\BOOKMARK [3][-]{subsubsection.5.5.2.4}{\376\377\0005\000.\0005\000.\0002\000.\0004\000\040\000r\000e\000a\000d\000U\000I\000n\000t\0003\0002\000\050\000\051}{subsection.5.5.2}% 100
\BOOKMARK [1][-]{section.5.6}{\376\377\0005\000.\0006\000\040\004\041\004\102\004\100\004\103\004\072\004\102\004\103\004\100\004\060\000\040\000V\000e\000c\000t\000o\000r\000P\000r\000o\000c\000e\000s\000s\000o\000r\000:\000:\000V\000e\000c\000t\000o\000r\000R\000e\000s\000u\000l\000t}{chapter.5}% 101
\BOOKMARK [2][-]{subsection.5.6.1}{\376\377\0005\000.\0006\000.\0001\000\040\004\037\004\076\004\064\004\100\004\076\004\061\004\075\004\076\004\065\000\040\004\076\004\077\004\070\004\101\004\060\004\075\004\070\004\065}{section.5.6}% 102
\BOOKMARK [2][-]{subsection.5.6.2}{\376\377\0005\000.\0006\000.\0002\000\040\004\024\004\060\004\075\004\075\004\113\004\065\000\040\004\072\004\073\004\060\004\101\004\101\004\060}{section.5.6}% 103
\BOOKMARK [3][-]{subsubsection.5.6.2.1}{\376\377\0005\000.\0006\000.\0002\000.\0001\000\040\000c\000o\000u\000n\000t}{subsection.5.6.2}% 104
\BOOKMARK [3][-]{subsubsection.5.6.2.2}{\376\377\0005\000.\0006\000.\0002\000.\0002\000\040\000s\000u\000m\000s}{subsection.5.6.2}% 105
\BOOKMARK [0][-]{chapter.6}{\376\377\0006\000\040\004\044\004\060\004\071\004\073\004\113}{}% 106
\BOOKMARK [1][-]{section.6.1}{\376\377\0006\000.\0001\000\040\004\044\004\060\004\071\004\073\000\040\000i\000n\000c\000l\000u\000d\000e\000/\000C\000l\000i\000e\000n\000t\000D\000B\000.\000h}{chapter.6}% 107
\BOOKMARK [2][-]{subsection.6.1.1}{\376\377\0006\000.\0001\000.\0001\000\040\004\037\004\076\004\064\004\100\004\076\004\061\004\075\004\076\004\065\000\040\004\076\004\077\004\070\004\101\004\060\004\075\004\070\004\065}{section.6.1}% 108
\BOOKMARK [1][-]{section.6.2}{\376\377\0006\000.\0002\000\040\000C\000l\000i\000e\000n\000t\000D\000B\000.\000h}{chapter.6}% 109
\BOOKMARK [1][-]{section.6.3}{\376\377\0006\000.\0003\000\040\004\044\004\060\004\071\004\073\000\040\000i\000n\000c\000l\000u\000d\000e\000/\000C\000o\000n\000f\000i\000g\000.\000h}{chapter.6}% 110
\BOOKMARK [2][-]{subsection.6.3.1}{\376\377\0006\000.\0003\000.\0001\000\040\004\037\004\076\004\064\004\100\004\076\004\061\004\075\004\076\004\065\000\040\004\076\004\077\004\070\004\101\004\060\004\075\004\070\004\065}{section.6.3}% 111
\BOOKMARK [1][-]{section.6.4}{\376\377\0006\000.\0004\000\040\000C\000o\000n\000f\000i\000g\000.\000h}{chapter.6}% 112
\BOOKMARK [1][-]{section.6.5}{\376\377\0006\000.\0005\000\040\004\044\004\060\004\071\004\073\000\040\000i\000n\000c\000l\000u\000d\000e\000/\000L\000o\000g\000g\000e\000r\000.\000h}{chapter.6}% 113
\BOOKMARK [2][-]{subsection.6.5.1}{\376\377\0006\000.\0005\000.\0001\000\040\004\037\004\076\004\064\004\100\004\076\004\061\004\075\004\076\004\065\000\040\004\076\004\077\004\070\004\101\004\060\004\075\004\070\004\065}{section.6.5}% 114
\BOOKMARK [2][-]{subsection.6.5.2}{\376\377\0006\000.\0005\000.\0002\000\040\004\037\004\065\004\100\004\065\004\107\004\070\004\101\004\073\004\065\004\075\004\070\004\117}{section.6.5}% 115
\BOOKMARK [3][-]{subsubsection.6.5.2.1}{\376\377\0006\000.\0005\000.\0002\000.\0001\000\040\000L\000o\000g\000L\000e\000v\000e\000l}{subsection.6.5.2}% 116
\BOOKMARK [1][-]{section.6.6}{\376\377\0006\000.\0006\000\040\000L\000o\000g\000g\000e\000r\000.\000h}{chapter.6}% 117
\BOOKMARK [1][-]{section.6.7}{\376\377\0006\000.\0007\000\040\004\044\004\060\004\071\004\073\000\040\000i\000n\000c\000l\000u\000d\000e\000/\000P\000r\000o\000t\000o\000c\000o\000l\000.\000h}{chapter.6}% 118
\BOOKMARK [2][-]{subsection.6.7.1}{\376\377\0006\000.\0007\000.\0001\000\040\004\037\004\076\004\064\004\100\004\076\004\061\004\075\004\076\004\065\000\040\004\076\004\077\004\070\004\101\004\060\004\075\004\070\004\065}{section.6.7}% 119
\BOOKMARK [1][-]{section.6.8}{\376\377\0006\000.\0008\000\040\000P\000r\000o\000t\000o\000c\000o\000l\000.\000h}{chapter.6}% 120
\BOOKMARK [1][-]{section.6.9}{\376\377\0006\000.\0009\000\040\004\044\004\060\004\071\004\073\000\040\000i\000n\000c\000l\000u\000d\000e\000/\000S\000e\000r\000v\000e\000r\000.\000h}{chapter.6}% 121
\BOOKMARK [2][-]{subsection.6.9.1}{\376\377\0006\000.\0009\000.\0001\000\040\004\037\004\076\004\064\004\100\004\076\004\061\004\075\004\076\004\065\000\040\004\076\004\077\004\070\004\101\004\060\004\075\004\070\004\065}{section.6.9}% 122
\BOOKMARK [1][-]{section.6.10}{\376\377\0006\000.\0001\0000\000\040\000S\000e\000r\000v\000e\000r\000.\000h}{chapter.6}% 123
\BOOKMARK [1][-]{section.6.11}{\376\377\0006\000.\0001\0001\000\040\004\044\004\060\004\071\004\073\000\040\000i\000n\000c\000l\000u\000d\000e\000/\000V\000e\000c\000t\000o\000r\000P\000r\000o\000c\000e\000s\000s\000o\000r\000.\000h}{chapter.6}% 124
\BOOKMARK [2][-]{subsection.6.11.1}{\376\377\0006\000.\0001\0001\000.\0001\000\040\004\037\004\076\004\064\004\100\004\076\004\061\004\075\004\076\004\065\000\040\004\076\004\077\004\070\004\101\004\060\004\075\004\070\004\065}{section.6.11}% 125
\BOOKMARK [1][-]{section.6.12}{\376\377\0006\000.\0001\0002\000\040\000V\000e\000c\000t\000o\000r\000P\000r\000o\000c\000e\000s\000s\000o\000r\000.\000h}{chapter.6}% 126
\BOOKMARK [1][-]{section.6.13}{\376\377\0006\000.\0001\0003\000\040\004\044\004\060\004\071\004\073\000\040\000s\000r\000c\000/\000C\000l\000i\000e\000n\000t\000D\000B\000.\000c\000p\000p}{chapter.6}% 127
\BOOKMARK [1][-]{section.6.14}{\376\377\0006\000.\0001\0004\000\040\004\044\004\060\004\071\004\073\000\040\000s\000r\000c\000/\000L\000o\000g\000g\000e\000r\000.\000c\000p\000p}{chapter.6}% 128
\BOOKMARK [1][-]{section.6.15}{\376\377\0006\000.\0001\0005\000\040\004\044\004\060\004\071\004\073\000\040\000s\000r\000c\000/\000m\000a\000i\000n\000.\000c\000p\000p}{chapter.6}% 129
\BOOKMARK [2][-]{subsection.6.15.1}{\376\377\0006\000.\0001\0005\000.\0001\000\040\004\044\004\103\004\075\004\072\004\106\004\070\004\070}{section.6.15}% 130
\BOOKMARK [3][-]{subsubsection.6.15.1.1}{\376\377\0006\000.\0001\0005\000.\0001\000.\0001\000\040\000m\000a\000i\000n\000\050\000\051}{subsection.6.15.1}% 131
\BOOKMARK [3][-]{subsubsection.6.15.1.2}{\376\377\0006\000.\0001\0005\000.\0001\000.\0002\000\040\000p\000r\000i\000n\000t\000H\000e\000l\000p\000\050\000\051}{subsection.6.15.1}% 132
\BOOKMARK [3][-]{subsubsection.6.15.1.3}{\376\377\0006\000.\0001\0005\000.\0001\000.\0003\000\040\000s\000i\000g\000n\000a\000l\000H\000a\000n\000d\000l\000e\000r\000\050\000\051}{subsection.6.15.1}% 133
\BOOKMARK [2][-]{subsection.6.15.2}{\376\377\0006\000.\0001\0005\000.\0002\000\040\004\037\004\065\004\100\004\065\004\074\004\065\004\075\004\075\004\113\004\065}{section.6.15}% 134
\BOOKMARK [3][-]{subsubsection.6.15.2.1}{\376\377\0006\000.\0001\0005\000.\0002\000.\0001\000\040\000s\000e\000r\000v\000e\000r}{subsection.6.15.2}% 135
\BOOKMARK [1][-]{section.6.16}{\376\377\0006\000.\0001\0006\000\040\004\044\004\060\004\071\004\073\000\040\000s\000r\000c\000/\000P\000r\000o\000t\000o\000c\000o\000l\000.\000c\000p\000p}{chapter.6}% 136
\BOOKMARK [1][-]{section.6.17}{\376\377\0006\000.\0001\0007\000\040\004\044\004\060\004\071\004\073\000\040\000s\000r\000c\000/\000S\000e\000r\000v\000e\000r\000.\000c\000p\000p}{chapter.6}% 137
\BOOKMARK [1][-]{section.6.18}{\376\377\0006\000.\0001\0008\000\040\004\044\004\060\004\071\004\073\000\040\000s\000r\000c\000/\000V\000e\000c\000t\000o\000r\000P\000r\000o\000c\000e\000s\000s\000o\000r\000.\000c\000p\000p}{chapter.6}% 138
\BOOKMARK [0][-]{section*.45}{\376\377\004\037\004\100\004\065\004\064\004\074\004\065\004\102\004\075\004\113\004\071\000\040\004\103\004\072\004\060\004\067\004\060\004\102\004\065\004\073\004\114}{}% 139
